---
source: neco-felis-syn/src/position/file.rs
expression: file
---
File {
    items: [
        Entrypoint(
            ItemEntrypoint {
                keyword_entrypoint: TokenKeyword {
                    pos: Pos {
                        file_id: FileId(
                            0,
                        ),
                        line: 1,
                        column: 1,
                    },
                    s: "entrypoint",
                },
                name: TokenVariable {
                    pos: Pos {
                        file_id: FileId(
                            0,
                        ),
                        line: 1,
                        column: 13,
                    },
                    s: "main",
                },
                semicolon: TokenSemicolon {
                    pos: Pos {
                        file_id: FileId(
                            0,
                        ),
                        line: 1,
                        column: 17,
                    },
                },
                ext: (),
            },
        ),
        UseBuiltin(
            ItemUseBuiltin {
                keyword_use_builtin: TokenKeyword {
                    pos: Pos {
                        file_id: FileId(
                            0,
                        ),
                        line: 3,
                        column: 1,
                    },
                    s: "use_builtin",
                },
                builtin_name: TokenString {
                    pos: Pos {
                        file_id: FileId(
                            0,
                        ),
                        line: 3,
                        column: 14,
                    },
                    s: "syscall",
                },
                keyword_as: TokenKeyword {
                    pos: Pos {
                        file_id: FileId(
                            0,
                        ),
                        line: 3,
                        column: 24,
                    },
                    s: "as",
                },
                name: TokenVariable {
                    pos: Pos {
                        file_id: FileId(
                            0,
                        ),
                        line: 3,
                        column: 28,
                    },
                    s: "__syscall",
                },
                semicolon: TokenSemicolon {
                    pos: Pos {
                        file_id: FileId(
                            0,
                        ),
                        line: 3,
                        column: 37,
                    },
                },
                ext: (),
            },
        ),
        UseBuiltin(
            ItemUseBuiltin {
                keyword_use_builtin: TokenKeyword {
                    pos: Pos {
                        file_id: FileId(
                            0,
                        ),
                        line: 4,
                        column: 1,
                    },
                    s: "use_builtin",
                },
                builtin_name: TokenString {
                    pos: Pos {
                        file_id: FileId(
                            0,
                        ),
                        line: 4,
                        column: 14,
                    },
                    s: "u64_add",
                },
                keyword_as: TokenKeyword {
                    pos: Pos {
                        file_id: FileId(
                            0,
                        ),
                        line: 4,
                        column: 24,
                    },
                    s: "as",
                },
                name: TokenVariable {
                    pos: Pos {
                        file_id: FileId(
                            0,
                        ),
                        line: 4,
                        column: 28,
                    },
                    s: "__u64_add",
                },
                semicolon: TokenSemicolon {
                    pos: Pos {
                        file_id: FileId(
                            0,
                        ),
                        line: 4,
                        column: 37,
                    },
                },
                ext: (),
            },
        ),
        UseBuiltin(
            ItemUseBuiltin {
                keyword_use_builtin: TokenKeyword {
                    pos: Pos {
                        file_id: FileId(
                            0,
                        ),
                        line: 5,
                        column: 1,
                    },
                    s: "use_builtin",
                },
                builtin_name: TokenString {
                    pos: Pos {
                        file_id: FileId(
                            0,
                        ),
                        line: 5,
                        column: 14,
                    },
                    s: "u64",
                },
                keyword_as: TokenKeyword {
                    pos: Pos {
                        file_id: FileId(
                            0,
                        ),
                        line: 5,
                        column: 20,
                    },
                    s: "as",
                },
                name: TokenVariable {
                    pos: Pos {
                        file_id: FileId(
                            0,
                        ),
                        line: 5,
                        column: 24,
                    },
                    s: "__u64",
                },
                semicolon: TokenSemicolon {
                    pos: Pos {
                        file_id: FileId(
                            0,
                        ),
                        line: 5,
                        column: 29,
                    },
                },
                ext: (),
            },
        ),
        Struct(
            ItemStruct {
                keyword_struct: TokenKeyword {
                    pos: Pos {
                        file_id: FileId(
                            0,
                        ),
                        line: 7,
                        column: 1,
                    },
                    s: "struct",
                },
                name: TokenVariable {
                    pos: Pos {
                        file_id: FileId(
                            0,
                        ),
                        line: 7,
                        column: 9,
                    },
                    s: "Vec3",
                },
                brace_l: TokenBraceL {
                    pos: Pos {
                        file_id: FileId(
                            0,
                        ),
                        line: 7,
                        column: 14,
                    },
                },
                fields: [
                    ItemStructField {
                        name: TokenVariable {
                            pos: Pos {
                                file_id: FileId(
                                    0,
                                ),
                                line: 8,
                                column: 5,
                            },
                            s: "x",
                        },
                        colon: TokenColon {
                            pos: Pos {
                                file_id: FileId(
                                    0,
                                ),
                                line: 8,
                                column: 6,
                            },
                        },
                        ty: Variable(
                            TermVariable {
                                variable: TokenVariable {
                                    pos: Pos {
                                        file_id: FileId(
                                            0,
                                        ),
                                        line: 8,
                                        column: 8,
                                    },
                                    s: "__u64",
                                },
                                ext: (),
                            },
                        ),
                        comma: Some(
                            TokenComma {
                                pos: Pos {
                                    file_id: FileId(
                                        0,
                                    ),
                                    line: 8,
                                    column: 13,
                                },
                            },
                        ),
                    },
                    ItemStructField {
                        name: TokenVariable {
                            pos: Pos {
                                file_id: FileId(
                                    0,
                                ),
                                line: 9,
                                column: 5,
                            },
                            s: "y",
                        },
                        colon: TokenColon {
                            pos: Pos {
                                file_id: FileId(
                                    0,
                                ),
                                line: 9,
                                column: 6,
                            },
                        },
                        ty: Variable(
                            TermVariable {
                                variable: TokenVariable {
                                    pos: Pos {
                                        file_id: FileId(
                                            0,
                                        ),
                                        line: 9,
                                        column: 8,
                                    },
                                    s: "__u64",
                                },
                                ext: (),
                            },
                        ),
                        comma: Some(
                            TokenComma {
                                pos: Pos {
                                    file_id: FileId(
                                        0,
                                    ),
                                    line: 9,
                                    column: 13,
                                },
                            },
                        ),
                    },
                    ItemStructField {
                        name: TokenVariable {
                            pos: Pos {
                                file_id: FileId(
                                    0,
                                ),
                                line: 10,
                                column: 5,
                            },
                            s: "z",
                        },
                        colon: TokenColon {
                            pos: Pos {
                                file_id: FileId(
                                    0,
                                ),
                                line: 10,
                                column: 6,
                            },
                        },
                        ty: Variable(
                            TermVariable {
                                variable: TokenVariable {
                                    pos: Pos {
                                        file_id: FileId(
                                            0,
                                        ),
                                        line: 10,
                                        column: 8,
                                    },
                                    s: "__u64",
                                },
                                ext: (),
                            },
                        ),
                        comma: Some(
                            TokenComma {
                                pos: Pos {
                                    file_id: FileId(
                                        0,
                                    ),
                                    line: 10,
                                    column: 13,
                                },
                            },
                        ),
                    },
                ],
                brace_r: TokenBraceR {
                    pos: Pos {
                        file_id: FileId(
                            0,
                        ),
                        line: 11,
                        column: 1,
                    },
                },
                ext: (),
            },
        ),
        Proc(
            ItemProc {
                ptx_modifier: None,
                keyword_proc: TokenKeyword {
                    pos: Pos {
                        file_id: FileId(
                            0,
                        ),
                        line: 13,
                        column: 1,
                    },
                    s: "proc",
                },
                name: TokenVariable {
                    pos: Pos {
                        file_id: FileId(
                            0,
                        ),
                        line: 13,
                        column: 7,
                    },
                    s: "main",
                },
                colon: TokenColon {
                    pos: Pos {
                        file_id: FileId(
                            0,
                        ),
                        line: 13,
                        column: 12,
                    },
                },
                ty: ArrowNodep(
                    TermArrowNodep {
                        from: Unit(
                            TermUnit {
                                paren_l: TokenParenL {
                                    pos: Pos {
                                        file_id: FileId(
                                            0,
                                        ),
                                        line: 13,
                                        column: 14,
                                    },
                                },
                                paren_r: TokenParenR {
                                    pos: Pos {
                                        file_id: FileId(
                                            0,
                                        ),
                                        line: 13,
                                        column: 15,
                                    },
                                },
                                ext: (),
                            },
                        ),
                        arrow: TokenOperator {
                            pos: Pos {
                                file_id: FileId(
                                    0,
                                ),
                                line: 13,
                                column: 17,
                            },
                            s: "->",
                            after_whitespace: true,
                        },
                        to: Unit(
                            TermUnit {
                                paren_l: TokenParenL {
                                    pos: Pos {
                                        file_id: FileId(
                                            0,
                                        ),
                                        line: 13,
                                        column: 20,
                                    },
                                },
                                paren_r: TokenParenR {
                                    pos: Pos {
                                        file_id: FileId(
                                            0,
                                        ),
                                        line: 13,
                                        column: 21,
                                    },
                                },
                                ext: (),
                            },
                        ),
                        ext: (),
                    },
                ),
                proc_block: ItemProcBlock {
                    brace_l: TokenBraceL {
                        pos: Pos {
                            file_id: FileId(
                                0,
                            ),
                            line: 13,
                            column: 23,
                        },
                    },
                    statements: Then(
                        StatementsThen {
                            head: Let(
                                StatementLet {
                                    let_keyword: TokenKeyword {
                                        pos: Pos {
                                            file_id: FileId(
                                                0,
                                            ),
                                            line: 14,
                                            column: 5,
                                        },
                                        s: "let",
                                    },
                                    variable: TokenVariable {
                                        pos: Pos {
                                            file_id: FileId(
                                                0,
                                            ),
                                            line: 14,
                                            column: 10,
                                        },
                                        s: "syscall_id",
                                    },
                                    equals: TokenOperator {
                                        pos: Pos {
                                            file_id: FileId(
                                                0,
                                            ),
                                            line: 14,
                                            column: 21,
                                        },
                                        s: "=",
                                        after_whitespace: true,
                                    },
                                    value: Number(
                                        ProcTermNumber {
                                            number: TokenNumber {
                                                pos: Pos {
                                                    file_id: FileId(
                                                        0,
                                                    ),
                                                    line: 14,
                                                    column: 23,
                                                },
                                                s: "231u64",
                                            },
                                            ext: (),
                                        },
                                    ),
                                    ext: (),
                                },
                            ),
                            semicolon: TokenSemicolon {
                                pos: Pos {
                                    file_id: FileId(
                                        0,
                                    ),
                                    line: 14,
                                    column: 29,
                                },
                            },
                            tail: Then(
                                StatementsThen {
                                    head: Let(
                                        StatementLet {
                                            let_keyword: TokenKeyword {
                                                pos: Pos {
                                                    file_id: FileId(
                                                        0,
                                                    ),
                                                    line: 15,
                                                    column: 5,
                                                },
                                                s: "let",
                                            },
                                            variable: TokenVariable {
                                                pos: Pos {
                                                    file_id: FileId(
                                                        0,
                                                    ),
                                                    line: 15,
                                                    column: 10,
                                                },
                                                s: "error_code",
                                            },
                                            equals: TokenOperator {
                                                pos: Pos {
                                                    file_id: FileId(
                                                        0,
                                                    ),
                                                    line: 15,
                                                    column: 21,
                                                },
                                                s: "=",
                                                after_whitespace: true,
                                            },
                                            value: Number(
                                                ProcTermNumber {
                                                    number: TokenNumber {
                                                        pos: Pos {
                                                            file_id: FileId(
                                                                0,
                                                            ),
                                                            line: 15,
                                                            column: 23,
                                                        },
                                                        s: "42",
                                                    },
                                                    ext: (),
                                                },
                                            ),
                                            ext: (),
                                        },
                                    ),
                                    semicolon: TokenSemicolon {
                                        pos: Pos {
                                            file_id: FileId(
                                                0,
                                            ),
                                            line: 15,
                                            column: 25,
                                        },
                                    },
                                    tail: Then(
                                        StatementsThen {
                                            head: Expr(
                                                Apply(
                                                    ProcTermApply {
                                                        f: Variable(
                                                            ProcTermVariable {
                                                                variable: TokenVariable {
                                                                    pos: Pos {
                                                                        file_id: FileId(
                                                                            0,
                                                                        ),
                                                                        line: 16,
                                                                        column: 5,
                                                                    },
                                                                    s: "__syscall",
                                                                },
                                                                ext: (),
                                                            },
                                                        ),
                                                        args: [
                                                            Variable(
                                                                ProcTermVariable {
                                                                    variable: TokenVariable {
                                                                        pos: Pos {
                                                                            file_id: FileId(
                                                                                0,
                                                                            ),
                                                                            line: 16,
                                                                            column: 15,
                                                                        },
                                                                        s: "syscall_id",
                                                                    },
                                                                    ext: (),
                                                                },
                                                            ),
                                                            Variable(
                                                                ProcTermVariable {
                                                                    variable: TokenVariable {
                                                                        pos: Pos {
                                                                            file_id: FileId(
                                                                                0,
                                                                            ),
                                                                            line: 16,
                                                                            column: 26,
                                                                        },
                                                                        s: "error_code",
                                                                    },
                                                                    ext: (),
                                                                },
                                                            ),
                                                            Number(
                                                                ProcTermNumber {
                                                                    number: TokenNumber {
                                                                        pos: Pos {
                                                                            file_id: FileId(
                                                                                0,
                                                                            ),
                                                                            line: 16,
                                                                            column: 37,
                                                                        },
                                                                        s: "0",
                                                                    },
                                                                    ext: (),
                                                                },
                                                            ),
                                                            Number(
                                                                ProcTermNumber {
                                                                    number: TokenNumber {
                                                                        pos: Pos {
                                                                            file_id: FileId(
                                                                                0,
                                                                            ),
                                                                            line: 16,
                                                                            column: 39,
                                                                        },
                                                                        s: "0",
                                                                    },
                                                                    ext: (),
                                                                },
                                                            ),
                                                            Number(
                                                                ProcTermNumber {
                                                                    number: TokenNumber {
                                                                        pos: Pos {
                                                                            file_id: FileId(
                                                                                0,
                                                                            ),
                                                                            line: 16,
                                                                            column: 41,
                                                                        },
                                                                        s: "0",
                                                                    },
                                                                    ext: (),
                                                                },
                                                            ),
                                                            Number(
                                                                ProcTermNumber {
                                                                    number: TokenNumber {
                                                                        pos: Pos {
                                                                            file_id: FileId(
                                                                                0,
                                                                            ),
                                                                            line: 16,
                                                                            column: 43,
                                                                        },
                                                                        s: "0",
                                                                    },
                                                                    ext: (),
                                                                },
                                                            ),
                                                        ],
                                                        ext: (),
                                                    },
                                                ),
                                            ),
                                            semicolon: TokenSemicolon {
                                                pos: Pos {
                                                    file_id: FileId(
                                                        0,
                                                    ),
                                                    line: 16,
                                                    column: 44,
                                                },
                                            },
                                            tail: Nil,
                                            ext: (),
                                        },
                                    ),
                                    ext: (),
                                },
                            ),
                            ext: (),
                        },
                    ),
                    brace_r: TokenBraceR {
                        pos: Pos {
                            file_id: FileId(
                                0,
                            ),
                            line: 17,
                            column: 1,
                        },
                    },
                    ext: (),
                },
                ext: (),
            },
        ),
    ],
    ext: (),
}
