---
source: neco-felis-syn/src/token.rs
expression: tokens
---
[
    Keyword(
        TokenKeyword {
            pos: Pos {
                file_id: FileId(
                    0,
                ),
                line: 1,
                column: 1,
            },
            s: "entrypoint",
        },
    ),
    Variable(
        TokenVariable {
            pos: Pos {
                file_id: FileId(
                    0,
                ),
                line: 1,
                column: 13,
            },
            s: "main",
        },
    ),
    Semicolon(
        TokenSemicolon {
            pos: Pos {
                file_id: FileId(
                    0,
                ),
                line: 1,
                column: 17,
            },
        },
    ),
    Keyword(
        TokenKeyword {
            pos: Pos {
                file_id: FileId(
                    0,
                ),
                line: 3,
                column: 1,
            },
            s: "use_builtin",
        },
    ),
    String(
        TokenString {
            pos: Pos {
                file_id: FileId(
                    0,
                ),
                line: 3,
                column: 14,
            },
            s: "syscall",
        },
    ),
    Keyword(
        TokenKeyword {
            pos: Pos {
                file_id: FileId(
                    0,
                ),
                line: 3,
                column: 24,
            },
            s: "as",
        },
    ),
    Variable(
        TokenVariable {
            pos: Pos {
                file_id: FileId(
                    0,
                ),
                line: 3,
                column: 28,
            },
            s: "__syscall",
        },
    ),
    Semicolon(
        TokenSemicolon {
            pos: Pos {
                file_id: FileId(
                    0,
                ),
                line: 3,
                column: 37,
            },
        },
    ),
    Keyword(
        TokenKeyword {
            pos: Pos {
                file_id: FileId(
                    0,
                ),
                line: 5,
                column: 1,
            },
            s: "proc",
        },
    ),
    Variable(
        TokenVariable {
            pos: Pos {
                file_id: FileId(
                    0,
                ),
                line: 5,
                column: 7,
            },
            s: "main",
        },
    ),
    Colon(
        TokenColon {
            pos: Pos {
                file_id: FileId(
                    0,
                ),
                line: 5,
                column: 12,
            },
        },
    ),
    ParenL(
        TokenParenL {
            pos: Pos {
                file_id: FileId(
                    0,
                ),
                line: 5,
                column: 14,
            },
        },
    ),
    ParenR(
        TokenParenR {
            pos: Pos {
                file_id: FileId(
                    0,
                ),
                line: 5,
                column: 15,
            },
        },
    ),
    Operator(
        TokenOperator {
            pos: Pos {
                file_id: FileId(
                    0,
                ),
                line: 5,
                column: 17,
            },
            s: "->",
        },
    ),
    ParenL(
        TokenParenL {
            pos: Pos {
                file_id: FileId(
                    0,
                ),
                line: 5,
                column: 20,
            },
        },
    ),
    ParenR(
        TokenParenR {
            pos: Pos {
                file_id: FileId(
                    0,
                ),
                line: 5,
                column: 21,
            },
        },
    ),
    BraceL(
        TokenBraceL {
            pos: Pos {
                file_id: FileId(
                    0,
                ),
                line: 5,
                column: 23,
            },
        },
    ),
    Variable(
        TokenVariable {
            pos: Pos {
                file_id: FileId(
                    0,
                ),
                line: 6,
                column: 5,
            },
            s: "__syscall",
        },
    ),
    Number(
        TokenNumber {
            pos: Pos {
                file_id: FileId(
                    0,
                ),
                line: 6,
                column: 15,
            },
            s: "231",
        },
    ),
    Number(
        TokenNumber {
            pos: Pos {
                file_id: FileId(
                    0,
                ),
                line: 6,
                column: 19,
            },
            s: "42",
        },
    ),
    Number(
        TokenNumber {
            pos: Pos {
                file_id: FileId(
                    0,
                ),
                line: 6,
                column: 22,
            },
            s: "0",
        },
    ),
    Number(
        TokenNumber {
            pos: Pos {
                file_id: FileId(
                    0,
                ),
                line: 6,
                column: 24,
            },
            s: "0",
        },
    ),
    Number(
        TokenNumber {
            pos: Pos {
                file_id: FileId(
                    0,
                ),
                line: 6,
                column: 26,
            },
            s: "0",
        },
    ),
    Number(
        TokenNumber {
            pos: Pos {
                file_id: FileId(
                    0,
                ),
                line: 6,
                column: 28,
            },
            s: "0",
        },
    ),
    Semicolon(
        TokenSemicolon {
            pos: Pos {
                file_id: FileId(
                    0,
                ),
                line: 6,
                column: 29,
            },
        },
    ),
    BraceR(
        TokenBraceR {
            pos: Pos {
                file_id: FileId(
                    0,
                ),
                line: 7,
                column: 1,
            },
        },
    ),
]
